// Jest Snapshot v1, https://goo.gl/fbAQLP

exports[`Should render expense item with given data 1`] = `
<div>
  <Link
    to="/edit/1"
  >
    <h3>
      Gum
    </h3>
  </Link>
  <p>
    Amount: $ 
    $7.50
  </p>
  <p>
    Created at: 
    December 31st, 1969
  </p>
</div>
`;
