// Jest Snapshot v1, https://goo.gl/fbAQLP

exports[`Should render RemoveExpenseModal correctly 1`] = `
<Modal
  ariaHideApp={true}
  bodyOpenClassName="ReactModal__Body--open"
  className="modal"
  closeTimeoutMS={200}
  contentLabel="Remove Expense"
  isOpen={true}
  parentSelector={[Function]}
  portalClassName="ReactModalPortal"
  role="dialog"
  shouldCloseOnEsc={true}
  shouldCloseOnOverlayClick={true}
  shouldFocusAfterRender={true}
  shouldReturnFocusAfterClose={true}
>
  <h3
    className="modal__title"
  >
    Rent
  </h3>
  <p
    className="modal__body"
  >
    Are you sure you want to remove this expense?
  </p>
  <div
    className="modal__buttons"
  >
    <button
      className="button button--secondary"
      onClick={[MockFunction]}
    >
      Remove
    </button>
    <button
      className="button"
      onClick={[MockFunction]}
    >
      Cancel
    </button>
  </div>
</Modal>
`;
